Archive member included because of file (symbol)

c:/users/ahmed/documents/everything/imt/imt_tools/sdk/imt_sdk_win_64/winavr/bin/../lib/gcc/avr/4.3.3/avr5\libgcc.a(_mulsi3.o)
                              ./MCAL/ADC/NTI_ADC_Program.o (__mulsi3)
c:/users/ahmed/documents/everything/imt/imt_tools/sdk/imt_sdk_win_64/winavr/bin/../lib/gcc/avr/4.3.3/avr5\libgcc.a(_divmodsi4.o)
                              ./HAL/LCD2/LCD_Imp.o (__divmodsi4)
c:/users/ahmed/documents/everything/imt/imt_tools/sdk/imt_sdk_win_64/winavr/bin/../lib/gcc/avr/4.3.3/avr5\libgcc.a(_exit.o)
                              c:/users/ahmed/documents/everything/imt/imt_tools/sdk/imt_sdk_win_64/winavr/bin/../lib/gcc/avr/4.3.3/../../../../avr/lib/avr5/crtm32.o (exit)
c:/users/ahmed/documents/everything/imt/imt_tools/sdk/imt_sdk_win_64/winavr/bin/../lib/gcc/avr/4.3.3/avr5\libgcc.a(_copy_data.o)
                              ./MCAL/ADC/NTI_ADC_Program.o (__do_copy_data)
c:/users/ahmed/documents/everything/imt/imt_tools/sdk/imt_sdk_win_64/winavr/bin/../lib/gcc/avr/4.3.3/avr5\libgcc.a(_clear_bss.o)
                              ./MCAL/Timer/Timers_Program.o (__do_clear_bss)
c:/users/ahmed/documents/everything/imt/imt_tools/sdk/imt_sdk_win_64/winavr/bin/../lib/gcc/avr/4.3.3/avr5\libgcc.a(_fixunssfsi.o)
                              ./MCAL/ADC/NTI_ADC_Program.o (__fixunssfsi)
c:/users/ahmed/documents/everything/imt/imt_tools/sdk/imt_sdk_win_64/winavr/bin/../lib/gcc/avr/4.3.3/avr5\libgcc.a(_addsub_sf.o)
                              ./HAL/Servo/ServoMotor_Program.o (__subsf3)
c:/users/ahmed/documents/everything/imt/imt_tools/sdk/imt_sdk_win_64/winavr/bin/../lib/gcc/avr/4.3.3/avr5\libgcc.a(_mul_sf.o)
                              ./MCAL/ADC/NTI_ADC_Program.o (__mulsf3)
c:/users/ahmed/documents/everything/imt/imt_tools/sdk/imt_sdk_win_64/winavr/bin/../lib/gcc/avr/4.3.3/avr5\libgcc.a(_div_sf.o)
                              ./MCAL/ADC/NTI_ADC_Program.o (__divsf3)
c:/users/ahmed/documents/everything/imt/imt_tools/sdk/imt_sdk_win_64/winavr/bin/../lib/gcc/avr/4.3.3/avr5\libgcc.a(_gt_sf.o)
                              ./HAL/LCD2/LCD_Imp.o (__gtsf2)
c:/users/ahmed/documents/everything/imt/imt_tools/sdk/imt_sdk_win_64/winavr/bin/../lib/gcc/avr/4.3.3/avr5\libgcc.a(_ge_sf.o)
                              c:/users/ahmed/documents/everything/imt/imt_tools/sdk/imt_sdk_win_64/winavr/bin/../lib/gcc/avr/4.3.3/avr5\libgcc.a(_fixunssfsi.o) (__gesf2)
c:/users/ahmed/documents/everything/imt/imt_tools/sdk/imt_sdk_win_64/winavr/bin/../lib/gcc/avr/4.3.3/avr5\libgcc.a(_lt_sf.o)
                              ./HAL/LCD2/LCD_Imp.o (__ltsf2)
c:/users/ahmed/documents/everything/imt/imt_tools/sdk/imt_sdk_win_64/winavr/bin/../lib/gcc/avr/4.3.3/avr5\libgcc.a(_si_to_sf.o)
                              ./HAL/Servo/ServoMotor_Program.o (__floatsisf)
c:/users/ahmed/documents/everything/imt/imt_tools/sdk/imt_sdk_win_64/winavr/bin/../lib/gcc/avr/4.3.3/avr5\libgcc.a(_sf_to_si.o)
                              ./HAL/LCD2/LCD_Imp.o (__fixsfsi)
c:/users/ahmed/documents/everything/imt/imt_tools/sdk/imt_sdk_win_64/winavr/bin/../lib/gcc/avr/4.3.3/avr5\libgcc.a(_thenan_sf.o)
                              c:/users/ahmed/documents/everything/imt/imt_tools/sdk/imt_sdk_win_64/winavr/bin/../lib/gcc/avr/4.3.3/avr5\libgcc.a(_addsub_sf.o) (__thenan_sf)
c:/users/ahmed/documents/everything/imt/imt_tools/sdk/imt_sdk_win_64/winavr/bin/../lib/gcc/avr/4.3.3/avr5\libgcc.a(_usi_to_sf.o)
                              ./MCAL/ADC/NTI_ADC_Program.o (__floatunsisf)
c:/users/ahmed/documents/everything/imt/imt_tools/sdk/imt_sdk_win_64/winavr/bin/../lib/gcc/avr/4.3.3/avr5\libgcc.a(_udivmodsi4.o)
                              c:/users/ahmed/documents/everything/imt/imt_tools/sdk/imt_sdk_win_64/winavr/bin/../lib/gcc/avr/4.3.3/avr5\libgcc.a(_divmodsi4.o) (__udivmodsi4)
c:/users/ahmed/documents/everything/imt/imt_tools/sdk/imt_sdk_win_64/winavr/bin/../lib/gcc/avr/4.3.3/avr5\libgcc.a(_prologue.o)
                              c:/users/ahmed/documents/everything/imt/imt_tools/sdk/imt_sdk_win_64/winavr/bin/../lib/gcc/avr/4.3.3/avr5\libgcc.a(_addsub_sf.o) (__prologue_saves__)
c:/users/ahmed/documents/everything/imt/imt_tools/sdk/imt_sdk_win_64/winavr/bin/../lib/gcc/avr/4.3.3/avr5\libgcc.a(_epilogue.o)
                              c:/users/ahmed/documents/everything/imt/imt_tools/sdk/imt_sdk_win_64/winavr/bin/../lib/gcc/avr/4.3.3/avr5\libgcc.a(_addsub_sf.o) (__epilogue_restores__)
c:/users/ahmed/documents/everything/imt/imt_tools/sdk/imt_sdk_win_64/winavr/bin/../lib/gcc/avr/4.3.3/avr5\libgcc.a(_clzsi2.o)
                              c:/users/ahmed/documents/everything/imt/imt_tools/sdk/imt_sdk_win_64/winavr/bin/../lib/gcc/avr/4.3.3/avr5\libgcc.a(_si_to_sf.o) (__clzsi2)
c:/users/ahmed/documents/everything/imt/imt_tools/sdk/imt_sdk_win_64/winavr/bin/../lib/gcc/avr/4.3.3/avr5\libgcc.a(_pack_sf.o)
                              c:/users/ahmed/documents/everything/imt/imt_tools/sdk/imt_sdk_win_64/winavr/bin/../lib/gcc/avr/4.3.3/avr5\libgcc.a(_addsub_sf.o) (__pack_f)
c:/users/ahmed/documents/everything/imt/imt_tools/sdk/imt_sdk_win_64/winavr/bin/../lib/gcc/avr/4.3.3/avr5\libgcc.a(_unpack_sf.o)
                              c:/users/ahmed/documents/everything/imt/imt_tools/sdk/imt_sdk_win_64/winavr/bin/../lib/gcc/avr/4.3.3/avr5\libgcc.a(_addsub_sf.o) (__unpack_f)
c:/users/ahmed/documents/everything/imt/imt_tools/sdk/imt_sdk_win_64/winavr/bin/../lib/gcc/avr/4.3.3/avr5\libgcc.a(_fpcmp_parts_sf.o)
                              c:/users/ahmed/documents/everything/imt/imt_tools/sdk/imt_sdk_win_64/winavr/bin/../lib/gcc/avr/4.3.3/avr5\libgcc.a(_gt_sf.o) (__fpcmp_parts_f)
c:/users/ahmed/documents/everything/imt/imt_tools/sdk/imt_sdk_win_64/winavr/bin/../lib/gcc/avr/4.3.3/avr5\libgcc.a(_clz.o)
                              c:/users/ahmed/documents/everything/imt/imt_tools/sdk/imt_sdk_win_64/winavr/bin/../lib/gcc/avr/4.3.3/avr5\libgcc.a(_clzsi2.o) (__clz_tab)

Allocating common symbols
Common symbol       size              file

ADC_pvFunc          0x2               ./MCAL/ADC/NTI_ADC_Program.o

Memory Configuration

Name             Origin             Length             Attributes
text             0x00000000         0x00020000         xr
data             0x00800060         0x0000ffa0         rw !x
eeprom           0x00810000         0x00010000         rw !x
fuse             0x00820000         0x00000400         rw !x
lock             0x00830000         0x00000400         rw !x
signature        0x00840000         0x00000400         rw !x
*default*        0x00000000         0xffffffff

Linker script and memory map

LOAD c:/users/ahmed/documents/everything/imt/imt_tools/sdk/imt_sdk_win_64/winavr/bin/../lib/gcc/avr/4.3.3/../../../../avr/lib/avr5/crtm32.o
LOAD ./MCAL/Timer/Timers_Program.o
LOAD ./MCAL/Port/Port_Program.o
LOAD ./MCAL/ICU/ICU_Program.o
LOAD ./MCAL/GIE/GIE_Program.o
LOAD ./MCAL/EXT_INT/EXT_INT_Program.o
LOAD ./MCAL/DIO/DIO_Program.o
LOAD ./MCAL/ADC/NTI_ADC_Program.o
LOAD ./HAL/Servo/ServoMotor_Program.o
LOAD ./HAL/LCD2/LCD_Imp.o
LOAD ./main.o
LOAD c:/users/ahmed/documents/everything/imt/imt_tools/sdk/imt_sdk_win_64/winavr/bin/../lib/gcc/avr/4.3.3/avr5\libgcc.a
LOAD c:/users/ahmed/documents/everything/imt/imt_tools/sdk/imt_sdk_win_64/winavr/bin/../lib/gcc/avr/4.3.3/../../../../avr/lib/avr5\libc.a
LOAD c:/users/ahmed/documents/everything/imt/imt_tools/sdk/imt_sdk_win_64/winavr/bin/../lib/gcc/avr/4.3.3/avr5\libgcc.a

.hash
 *(.hash)

.dynsym
 *(.dynsym)

.dynstr
 *(.dynstr)

.gnu.version
 *(.gnu.version)

.gnu.version_d
 *(.gnu.version_d)

.gnu.version_r
 *(.gnu.version_r)

.rel.init
 *(.rel.init)

.rela.init
 *(.rela.init)

.rel.text
 *(.rel.text)
 *(.rel.text.*)
 *(.rel.gnu.linkonce.t*)

.rela.text
 *(.rela.text)
 *(.rela.text.*)
 *(.rela.gnu.linkonce.t*)

.rel.fini
 *(.rel.fini)

.rela.fini
 *(.rela.fini)

.rel.rodata
 *(.rel.rodata)
 *(.rel.rodata.*)
 *(.rel.gnu.linkonce.r*)

.rela.rodata
 *(.rela.rodata)
 *(.rela.rodata.*)
 *(.rela.gnu.linkonce.r*)

.rel.data
 *(.rel.data)
 *(.rel.data.*)
 *(.rel.gnu.linkonce.d*)

.rela.data
 *(.rela.data)
 *(.rela.data.*)
 *(.rela.gnu.linkonce.d*)

.rel.ctors
 *(.rel.ctors)

.rela.ctors
 *(.rela.ctors)

.rel.dtors
 *(.rel.dtors)

.rela.dtors
 *(.rela.dtors)

.rel.got
 *(.rel.got)

.rela.got
 *(.rela.got)

.rel.bss
 *(.rel.bss)

.rela.bss
 *(.rela.bss)

.rel.plt
 *(.rel.plt)

.rela.plt
 *(.rela.plt)

.text           0x00000000     0x3e2c
 *(.vectors)
 .vectors       0x00000000       0x54 c:/users/ahmed/documents/everything/imt/imt_tools/sdk/imt_sdk_win_64/winavr/bin/../lib/gcc/avr/4.3.3/../../../../avr/lib/avr5/crtm32.o
                0x00000000                __vectors
                0x00000000                __vector_default
 *(.vectors)
 *(.progmem.gcc*)
 *(.progmem*)
                0x00000054                . = ALIGN (0x2)
                0x00000054                __trampolines_start = .
 *(.trampolines)
 .trampolines   0x00000054        0x0 linker stubs
 *(.trampolines*)
                0x00000054                __trampolines_end = .
 *(.jumptables)
 *(.jumptables*)
 *(.lowtext)
 *(.lowtext*)
                0x00000054                __ctors_start = .
 *(.ctors)
                0x00000054                __ctors_end = .
                0x00000054                __dtors_start = .
 *(.dtors)
                0x00000054                __dtors_end = .
 SORT(*)(.ctors)
 SORT(*)(.dtors)
 *(.init0)
 .init0         0x00000054        0x0 c:/users/ahmed/documents/everything/imt/imt_tools/sdk/imt_sdk_win_64/winavr/bin/../lib/gcc/avr/4.3.3/../../../../avr/lib/avr5/crtm32.o
                0x00000054                __init
 *(.init0)
 *(.init1)
 *(.init1)
 *(.init2)
 .init2         0x00000054        0xc c:/users/ahmed/documents/everything/imt/imt_tools/sdk/imt_sdk_win_64/winavr/bin/../lib/gcc/avr/4.3.3/../../../../avr/lib/avr5/crtm32.o
 *(.init2)
 *(.init3)
 *(.init3)
 *(.init4)
 .init4         0x00000060       0x16 c:/users/ahmed/documents/everything/imt/imt_tools/sdk/imt_sdk_win_64/winavr/bin/../lib/gcc/avr/4.3.3/avr5\libgcc.a(_copy_data.o)
                0x00000060                __do_copy_data
 .init4         0x00000076       0x10 c:/users/ahmed/documents/everything/imt/imt_tools/sdk/imt_sdk_win_64/winavr/bin/../lib/gcc/avr/4.3.3/avr5\libgcc.a(_clear_bss.o)
                0x00000076                __do_clear_bss
 *(.init4)
 *(.init5)
 *(.init5)
 *(.init6)
 *(.init6)
 *(.init7)
 *(.init7)
 *(.init8)
 *(.init8)
 *(.init9)
 .init9         0x00000086        0x8 c:/users/ahmed/documents/everything/imt/imt_tools/sdk/imt_sdk_win_64/winavr/bin/../lib/gcc/avr/4.3.3/../../../../avr/lib/avr5/crtm32.o
 *(.init9)
 *(.text)
 .text          0x0000008e        0x4 c:/users/ahmed/documents/everything/imt/imt_tools/sdk/imt_sdk_win_64/winavr/bin/../lib/gcc/avr/4.3.3/../../../../avr/lib/avr5/crtm32.o
                0x0000008e                __vector_12
                0x0000008e                __bad_interrupt
                0x0000008e                __vector_6
                0x0000008e                __vector_13
                0x0000008e                __vector_17
                0x0000008e                __vector_19
                0x0000008e                __vector_7
                0x0000008e                __vector_9
                0x0000008e                __vector_15
                0x0000008e                __vector_8
                0x0000008e                __vector_14
                0x0000008e                __vector_18
                0x0000008e                __vector_20
 .text          0x00000092        0x0 ./MCAL/Timer/Timers_Program.o
 .text          0x00000092        0x0 ./MCAL/Port/Port_Program.o
 .text          0x00000092        0x0 ./MCAL/ICU/ICU_Program.o
 .text          0x00000092        0x0 ./MCAL/GIE/GIE_Program.o
 .text          0x00000092        0x0 ./MCAL/EXT_INT/EXT_INT_Program.o
 .text          0x00000092        0x0 ./MCAL/DIO/DIO_Program.o
 .text          0x00000092        0x0 ./MCAL/ADC/NTI_ADC_Program.o
 .text          0x00000092        0x0 ./HAL/Servo/ServoMotor_Program.o
 .text          0x00000092        0x0 ./HAL/LCD2/LCD_Imp.o
 .text          0x00000092        0x0 ./main.o
 .text          0x00000092        0x0 c:/users/ahmed/documents/everything/imt/imt_tools/sdk/imt_sdk_win_64/winavr/bin/../lib/gcc/avr/4.3.3/avr5\libgcc.a(_mulsi3.o)
 .text          0x00000092        0x0 c:/users/ahmed/documents/everything/imt/imt_tools/sdk/imt_sdk_win_64/winavr/bin/../lib/gcc/avr/4.3.3/avr5\libgcc.a(_divmodsi4.o)
 .text          0x00000092        0x0 c:/users/ahmed/documents/everything/imt/imt_tools/sdk/imt_sdk_win_64/winavr/bin/../lib/gcc/avr/4.3.3/avr5\libgcc.a(_exit.o)
 .text          0x00000092        0x0 c:/users/ahmed/documents/everything/imt/imt_tools/sdk/imt_sdk_win_64/winavr/bin/../lib/gcc/avr/4.3.3/avr5\libgcc.a(_copy_data.o)
 .text          0x00000092        0x0 c:/users/ahmed/documents/everything/imt/imt_tools/sdk/imt_sdk_win_64/winavr/bin/../lib/gcc/avr/4.3.3/avr5\libgcc.a(_clear_bss.o)
 .text          0x00000092       0x58 c:/users/ahmed/documents/everything/imt/imt_tools/sdk/imt_sdk_win_64/winavr/bin/../lib/gcc/avr/4.3.3/avr5\libgcc.a(_fixunssfsi.o)
                0x00000092                __fixunssfsi
 .text          0x000000ea      0x354 c:/users/ahmed/documents/everything/imt/imt_tools/sdk/imt_sdk_win_64/winavr/bin/../lib/gcc/avr/4.3.3/avr5\libgcc.a(_addsub_sf.o)
                0x00000382                __subsf3
                0x000003e4                __addsf3
 .text          0x0000043e      0x1f4 c:/users/ahmed/documents/everything/imt/imt_tools/sdk/imt_sdk_win_64/winavr/bin/../lib/gcc/avr/4.3.3/avr5\libgcc.a(_mul_sf.o)
                0x0000043e                __mulsf3
 .text          0x00000632      0x158 c:/users/ahmed/documents/everything/imt/imt_tools/sdk/imt_sdk_win_64/winavr/bin/../lib/gcc/avr/4.3.3/avr5\libgcc.a(_div_sf.o)
                0x00000632                __divsf3
 .text          0x0000078a       0x60 c:/users/ahmed/documents/everything/imt/imt_tools/sdk/imt_sdk_win_64/winavr/bin/../lib/gcc/avr/4.3.3/avr5\libgcc.a(_gt_sf.o)
                0x0000078a                __gtsf2
 .text          0x000007ea       0x60 c:/users/ahmed/documents/everything/imt/imt_tools/sdk/imt_sdk_win_64/winavr/bin/../lib/gcc/avr/4.3.3/avr5\libgcc.a(_ge_sf.o)
                0x000007ea                __gesf2
 .text          0x0000084a       0x60 c:/users/ahmed/documents/everything/imt/imt_tools/sdk/imt_sdk_win_64/winavr/bin/../lib/gcc/avr/4.3.3/avr5\libgcc.a(_lt_sf.o)
                0x0000084a                __ltsf2
 .text          0x000008aa       0xbc c:/users/ahmed/documents/everything/imt/imt_tools/sdk/imt_sdk_win_64/winavr/bin/../lib/gcc/avr/4.3.3/avr5\libgcc.a(_si_to_sf.o)
                0x000008aa                __floatsisf
 .text          0x00000966       0xa8 c:/users/ahmed/documents/everything/imt/imt_tools/sdk/imt_sdk_win_64/winavr/bin/../lib/gcc/avr/4.3.3/avr5\libgcc.a(_sf_to_si.o)
                0x00000966                __fixsfsi
 .text          0x00000a0e        0x0 c:/users/ahmed/documents/everything/imt/imt_tools/sdk/imt_sdk_win_64/winavr/bin/../lib/gcc/avr/4.3.3/avr5\libgcc.a(_thenan_sf.o)
 .text          0x00000a0e       0xf2 c:/users/ahmed/documents/everything/imt/imt_tools/sdk/imt_sdk_win_64/winavr/bin/../lib/gcc/avr/4.3.3/avr5\libgcc.a(_usi_to_sf.o)
                0x00000a0e                __floatunsisf
 .text          0x00000b00        0x0 c:/users/ahmed/documents/everything/imt/imt_tools/sdk/imt_sdk_win_64/winavr/bin/../lib/gcc/avr/4.3.3/avr5\libgcc.a(_udivmodsi4.o)
 .text          0x00000b00        0x0 c:/users/ahmed/documents/everything/imt/imt_tools/sdk/imt_sdk_win_64/winavr/bin/../lib/gcc/avr/4.3.3/avr5\libgcc.a(_prologue.o)
 .text          0x00000b00        0x0 c:/users/ahmed/documents/everything/imt/imt_tools/sdk/imt_sdk_win_64/winavr/bin/../lib/gcc/avr/4.3.3/avr5\libgcc.a(_epilogue.o)
 .text          0x00000b00       0x9e c:/users/ahmed/documents/everything/imt/imt_tools/sdk/imt_sdk_win_64/winavr/bin/../lib/gcc/avr/4.3.3/avr5\libgcc.a(_clzsi2.o)
                0x00000b00                __clzsi2
 .text          0x00000b9e      0x1aa c:/users/ahmed/documents/everything/imt/imt_tools/sdk/imt_sdk_win_64/winavr/bin/../lib/gcc/avr/4.3.3/avr5\libgcc.a(_pack_sf.o)
                0x00000b9e                __pack_f
 .text          0x00000d48       0xf0 c:/users/ahmed/documents/everything/imt/imt_tools/sdk/imt_sdk_win_64/winavr/bin/../lib/gcc/avr/4.3.3/avr5\libgcc.a(_unpack_sf.o)
                0x00000d48                __unpack_f
 .text          0x00000e38       0xb2 c:/users/ahmed/documents/everything/imt/imt_tools/sdk/imt_sdk_win_64/winavr/bin/../lib/gcc/avr/4.3.3/avr5\libgcc.a(_fpcmp_parts_sf.o)
                0x00000e38                __fpcmp_parts_f
 .text          0x00000eea        0x0 c:/users/ahmed/documents/everything/imt/imt_tools/sdk/imt_sdk_win_64/winavr/bin/../lib/gcc/avr/4.3.3/avr5\libgcc.a(_clz.o)
                0x00000eea                . = ALIGN (0x2)
 *(.text.*)
 .text.TIMER0_voidSetCompMatch
                0x00000eea       0x1c ./MCAL/Timer/Timers_Program.o
                0x00000eea                TIMER0_voidSetCompMatch
 .text.TIMER0_voidInit
                0x00000f06       0x7e ./MCAL/Timer/Timers_Program.o
                0x00000f06                TIMER0_voidInit
 .text.TIMER0_u8GetTCNT0
                0x00000f84       0x14 ./MCAL/Timer/Timers_Program.o
                0x00000f84                TIMER0_u8GetTCNT0
 .text.TIMER0_voidSetTCNT0
                0x00000f98       0x1c ./MCAL/Timer/Timers_Program.o
                0x00000f98                TIMER0_voidSetTCNT0
 .text.TIMER0_u8SetCallBack
                0x00000fb4       0x3a ./MCAL/Timer/Timers_Program.o
                0x00000fb4                TIMER0_u8SetCallBack
 .text.TIMER1_voidInit
                0x00000fee       0x8c ./MCAL/Timer/Timers_Program.o
                0x00000fee                TIMER1_voidInit
 .text.TIMER1_voidSetICR
                0x0000107a       0x24 ./MCAL/Timer/Timers_Program.o
                0x0000107a                TIMER1_voidSetICR
 .text.TIMER1_voidSetDutyCycle
                0x0000109e       0x24 ./MCAL/Timer/Timers_Program.o
                0x0000109e                TIMER1_voidSetDutyCycle
 .text.TIMER2_voidInit
                0x000010c2       0x7e ./MCAL/Timer/Timers_Program.o
                0x000010c2                TIMER2_voidInit
 .text.__vector_10
                0x00001140       0x66 ./MCAL/Timer/Timers_Program.o
                0x00001140                __vector_10
 .text.__vector_11
                0x000011a6       0x66 ./MCAL/Timer/Timers_Program.o
                0x000011a6                __vector_11
 .text.__vector_4
                0x0000120c       0x66 ./MCAL/Timer/Timers_Program.o
                0x0000120c                __vector_4
 .text.__vector_5
                0x00001272       0x66 ./MCAL/Timer/Timers_Program.o
                0x00001272                __vector_5
 .text.PORT_voidInit
                0x000012d8       0x4a ./MCAL/Port/Port_Program.o
                0x000012d8                PORT_voidInit
 .text.GIE_voidEnable
                0x00001322       0x1c ./MCAL/GIE/GIE_Program.o
                0x00001322                GIE_voidEnable
 .text.GIE_voidDisable
                0x0000133e       0x1c ./MCAL/GIE/GIE_Program.o
                0x0000133e                GIE_voidDisable
 .text.EXTI0_voidInit
                0x0000135a       0x2a ./MCAL/EXT_INT/EXT_INT_Program.o
                0x0000135a                EXTI0_voidInit
 .text.EXTI0_voidEnable
                0x00001384       0x1c ./MCAL/EXT_INT/EXT_INT_Program.o
                0x00001384                EXTI0_voidEnable
 .text.EXTI0_voidDisable
                0x000013a0       0x1c ./MCAL/EXT_INT/EXT_INT_Program.o
                0x000013a0                EXTI0_voidDisable
 .text.EXT0_voidSetSignalch
                0x000013bc       0xce ./MCAL/EXT_INT/EXT_INT_Program.o
                0x000013bc                EXT0_voidSetSignalch
 .text.EXTI1_voidInit
                0x0000148a       0x2a ./MCAL/EXT_INT/EXT_INT_Program.o
                0x0000148a                EXTI1_voidInit
 .text.EXTI1_voidEnable
                0x000014b4       0x1c ./MCAL/EXT_INT/EXT_INT_Program.o
                0x000014b4                EXTI1_voidEnable
 .text.EXTI1_voidDisable
                0x000014d0       0x1c ./MCAL/EXT_INT/EXT_INT_Program.o
                0x000014d0                EXTI1_voidDisable
 .text.EXT1_voidSetSignalch
                0x000014ec       0xce ./MCAL/EXT_INT/EXT_INT_Program.o
                0x000014ec                EXT1_voidSetSignalch
 .text.EXTI2_voidInit
                0x000015ba       0x1c ./MCAL/EXT_INT/EXT_INT_Program.o
                0x000015ba                EXTI2_voidInit
 .text.EXTI2_voidEnable
                0x000015d6       0x1c ./MCAL/EXT_INT/EXT_INT_Program.o
                0x000015d6                EXTI2_voidEnable
 .text.EXTI2_voidDisable
                0x000015f2       0x1c ./MCAL/EXT_INT/EXT_INT_Program.o
                0x000015f2                EXTI2_voidDisable
 .text.EXT2_voidSetSignalch
                0x0000160e       0x56 ./MCAL/EXT_INT/EXT_INT_Program.o
                0x0000160e                EXT2_voidSetSignalch
 .text.EXT0_VID_SET_CALL_BACK
                0x00001664       0x2c ./MCAL/EXT_INT/EXT_INT_Program.o
                0x00001664                EXT0_VID_SET_CALL_BACK
 .text.EXT1_VID_SET_CALL_BACK
                0x00001690       0x2c ./MCAL/EXT_INT/EXT_INT_Program.o
                0x00001690                EXT1_VID_SET_CALL_BACK
 .text.EXT2_VID_SET_CALL_BACK
                0x000016bc       0x2c ./MCAL/EXT_INT/EXT_INT_Program.o
                0x000016bc                EXT2_VID_SET_CALL_BACK
 .text.__vector_1
                0x000016e8       0x66 ./MCAL/EXT_INT/EXT_INT_Program.o
                0x000016e8                __vector_1
 .text.__vector_2
                0x0000174e       0x66 ./MCAL/EXT_INT/EXT_INT_Program.o
                0x0000174e                __vector_2
 .text.__vector_3
                0x000017b4       0x66 ./MCAL/EXT_INT/EXT_INT_Program.o
                0x000017b4                __vector_3
 .text.DIO_u8SetPinValue
                0x0000181a      0x1fc ./MCAL/DIO/DIO_Program.o
                0x0000181a                DIO_u8SetPinValue
 .text.DIO_u8SetPortValue
                0x00001a16       0x96 ./MCAL/DIO/DIO_Program.o
                0x00001a16                DIO_u8SetPortValue
 .text.DIO_GetPinValue
                0x00001aac      0x11a ./MCAL/DIO/DIO_Program.o
                0x00001aac                DIO_GetPinValue
 .text.DIO_voidSetPortValue
                0x00001bc6       0x1c ./MCAL/DIO/DIO_Program.o
                0x00001bc6                DIO_voidSetPortValue
 .text.ADC_voidInit
                0x00001be2       0x7a ./MCAL/ADC/NTI_ADC_Program.o
                0x00001be2                ADC_voidInit
 .text.ADC_voidEnable
                0x00001c5c       0x1c ./MCAL/ADC/NTI_ADC_Program.o
                0x00001c5c                ADC_voidEnable
 .text.ADC_voidInterrputEnable
                0x00001c78       0x1c ./MCAL/ADC/NTI_ADC_Program.o
                0x00001c78                ADC_voidInterrputEnable
 .text.ADC_voidDisable
                0x00001c94       0x1c ./MCAL/ADC/NTI_ADC_Program.o
                0x00001c94                ADC_voidDisable
 .text.ADC_u16ReadADC
                0x00001cb0       0x76 ./MCAL/ADC/NTI_ADC_Program.o
                0x00001cb0                ADC_u16ReadADC
 .text.ADC_voidStartConversion
                0x00001d26       0x64 ./MCAL/ADC/NTI_ADC_Program.o
                0x00001d26                ADC_voidStartConversion
 .text.ADC_voidStartInterruptConversion
                0x00001d8a       0x40 ./MCAL/ADC/NTI_ADC_Program.o
                0x00001d8a                ADC_voidStartInterruptConversion
 .text.ADC_u16ReadADCInMV
                0x00001dca       0x94 ./MCAL/ADC/NTI_ADC_Program.o
                0x00001dca                ADC_u16ReadADCInMV
 .text.ADC_voidDisableInt
                0x00001e5e       0x1c ./MCAL/ADC/NTI_ADC_Program.o
                0x00001e5e                ADC_voidDisableInt
 .text.ADC_SetCallback
                0x00001e7a       0x2c ./MCAL/ADC/NTI_ADC_Program.o
                0x00001e7a                ADC_SetCallback
 .text.__vector_16
                0x00001ea6       0x66 ./MCAL/ADC/NTI_ADC_Program.o
                0x00001ea6                __vector_16
 .text.Servo_voidInit
                0x00001f0c       0x28 ./HAL/Servo/ServoMotor_Program.o
                0x00001f0c                Servo_voidInit
 .text.Servo_voidSetAngle
                0x00001f34       0xd8 ./HAL/Servo/ServoMotor_Program.o
                0x00001f34                Servo_voidSetAngle
 .text.LCD_voidInit
                0x0000200c      0xc00 ./HAL/LCD2/LCD_Imp.o
                0x0000200c                LCD_voidInit
 .text.LCD_voidSendCommand
                0x00002c0c      0x1e0 ./HAL/LCD2/LCD_Imp.o
                0x00002c0c                LCD_voidSendCommand
 .text.LCD_voidSendInitCommand
                0x00002dec      0x180 ./HAL/LCD2/LCD_Imp.o
                0x00002dec                LCD_voidSendInitCommand
 .text.LCD_voidWriteChar
                0x00002f6c      0x1e0 ./HAL/LCD2/LCD_Imp.o
                0x00002f6c                LCD_voidWriteChar
 .text.LCD_voidWriteString
                0x0000314c       0x52 ./HAL/LCD2/LCD_Imp.o
                0x0000314c                LCD_voidWriteString
 .text.IntToString
                0x0000319e      0x18a ./HAL/LCD2/LCD_Imp.o
                0x0000319e                IntToString
 .text.LCD_voidWriteIntData
                0x00003328       0x6a ./HAL/LCD2/LCD_Imp.o
                0x00003328                LCD_voidWriteIntData
 .text.LCD_voidWriteFloatData
                0x00003392      0x13e ./HAL/LCD2/LCD_Imp.o
                0x00003392                LCD_voidWriteFloatData
 .text.LCD_voidGoToPosition
                0x000034d0       0x62 ./HAL/LCD2/LCD_Imp.o
                0x000034d0                LCD_voidGoToPosition
 .text.LCD_voidClear
                0x00003532       0x26 ./HAL/LCD2/LCD_Imp.o
                0x00003532                LCD_voidClear
 .text.LCD_voidClearLine
                0x00003558       0x3c ./HAL/LCD2/LCD_Imp.o
                0x00003558                LCD_voidClearLine
 .text.LCD_voidDisplaySpecialChar
                0x00003594       0x9a ./HAL/LCD2/LCD_Imp.o
                0x00003594                LCD_voidDisplaySpecialChar
 .text.ADC_LM35
                0x0000362e       0xbc ./main.o
                0x0000362e                ADC_LM35
 .text.ADC_LDR  0x000036ea       0x64 ./main.o
                0x000036ea                ADC_LDR
 .text.ADC_POT  0x0000374e       0x64 ./main.o
                0x0000374e                ADC_POT
 .text.ADC_voidChannelRun
                0x000037b2       0x50 ./main.o
                0x000037b2                ADC_voidChannelRun
 .text.LM32_Interrupt
                0x00003802       0x3e ./main.o
                0x00003802                LM32_Interrupt
 .text.LDR_Interrupt
                0x00003840       0x3e ./main.o
                0x00003840                LDR_Interrupt
 .text.POT_Interrupt
                0x0000387e       0x3e ./main.o
                0x0000387e                POT_Interrupt
 .text.main     0x000038bc      0x446 ./main.o
                0x000038bc                main
 .text.libgcc   0x00003d02       0x3e c:/users/ahmed/documents/everything/imt/imt_tools/sdk/imt_sdk_win_64/winavr/bin/../lib/gcc/avr/4.3.3/avr5\libgcc.a(_mulsi3.o)
                0x00003d02                __mulsi3
 .text.libgcc   0x00003d40       0x36 c:/users/ahmed/documents/everything/imt/imt_tools/sdk/imt_sdk_win_64/winavr/bin/../lib/gcc/avr/4.3.3/avr5\libgcc.a(_divmodsi4.o)
                0x00003d40                __divmodsi4
 .text.libgcc   0x00003d76        0x0 c:/users/ahmed/documents/everything/imt/imt_tools/sdk/imt_sdk_win_64/winavr/bin/../lib/gcc/avr/4.3.3/avr5\libgcc.a(_exit.o)
 .text.libgcc   0x00003d76        0x0 c:/users/ahmed/documents/everything/imt/imt_tools/sdk/imt_sdk_win_64/winavr/bin/../lib/gcc/avr/4.3.3/avr5\libgcc.a(_copy_data.o)
 .text.libgcc   0x00003d76        0x0 c:/users/ahmed/documents/everything/imt/imt_tools/sdk/imt_sdk_win_64/winavr/bin/../lib/gcc/avr/4.3.3/avr5\libgcc.a(_clear_bss.o)
 .text.libgcc   0x00003d76       0x44 c:/users/ahmed/documents/everything/imt/imt_tools/sdk/imt_sdk_win_64/winavr/bin/../lib/gcc/avr/4.3.3/avr5\libgcc.a(_udivmodsi4.o)
                0x00003d76                __udivmodsi4
 .text.libgcc   0x00003dba       0x38 c:/users/ahmed/documents/everything/imt/imt_tools/sdk/imt_sdk_win_64/winavr/bin/../lib/gcc/avr/4.3.3/avr5\libgcc.a(_prologue.o)
                0x00003dba                __prologue_saves__
 .text.libgcc   0x00003df2       0x36 c:/users/ahmed/documents/everything/imt/imt_tools/sdk/imt_sdk_win_64/winavr/bin/../lib/gcc/avr/4.3.3/avr5\libgcc.a(_epilogue.o)
                0x00003df2                __epilogue_restores__
                0x00003e28                . = ALIGN (0x2)
 *(.fini9)
 .fini9         0x00003e28        0x0 c:/users/ahmed/documents/everything/imt/imt_tools/sdk/imt_sdk_win_64/winavr/bin/../lib/gcc/avr/4.3.3/avr5\libgcc.a(_exit.o)
                0x00003e28                exit
                0x00003e28                _exit
 *(.fini9)
 *(.fini8)
 *(.fini8)
 *(.fini7)
 *(.fini7)
 *(.fini6)
 *(.fini6)
 *(.fini5)
 *(.fini5)
 *(.fini4)
 *(.fini4)
 *(.fini3)
 *(.fini3)
 *(.fini2)
 *(.fini2)
 *(.fini1)
 *(.fini1)
 *(.fini0)
 .fini0         0x00003e28        0x4 c:/users/ahmed/documents/everything/imt/imt_tools/sdk/imt_sdk_win_64/winavr/bin/../lib/gcc/avr/4.3.3/avr5\libgcc.a(_exit.o)
 *(.fini0)
                0x00003e2c                _etext = .

.data           0x00800060      0x138 load address 0x00003e2c
                0x00800060                PROVIDE (__data_start, .)
 *(.data)
 .data          0x00800060        0x0 c:/users/ahmed/documents/everything/imt/imt_tools/sdk/imt_sdk_win_64/winavr/bin/../lib/gcc/avr/4.3.3/../../../../avr/lib/avr5/crtm32.o
 .data          0x00800060        0x0 ./MCAL/Timer/Timers_Program.o
 .data          0x00800060        0x0 ./MCAL/Port/Port_Program.o
 .data          0x00800060        0x0 ./MCAL/ICU/ICU_Program.o
 .data          0x00800060        0x0 ./MCAL/GIE/GIE_Program.o
 .data          0x00800060        0x0 ./MCAL/EXT_INT/EXT_INT_Program.o
 .data          0x00800060        0x0 ./MCAL/DIO/DIO_Program.o
 .data          0x00800060        0x0 ./MCAL/ADC/NTI_ADC_Program.o
 .data          0x00800060        0x0 ./HAL/Servo/ServoMotor_Program.o
 .data          0x00800060        0x0 ./HAL/LCD2/LCD_Imp.o
 .data          0x00800060       0x2b ./main.o
 .data          0x0080008b        0x0 c:/users/ahmed/documents/everything/imt/imt_tools/sdk/imt_sdk_win_64/winavr/bin/../lib/gcc/avr/4.3.3/avr5\libgcc.a(_mulsi3.o)
 .data          0x0080008b        0x0 c:/users/ahmed/documents/everything/imt/imt_tools/sdk/imt_sdk_win_64/winavr/bin/../lib/gcc/avr/4.3.3/avr5\libgcc.a(_divmodsi4.o)
 .data          0x0080008b        0x0 c:/users/ahmed/documents/everything/imt/imt_tools/sdk/imt_sdk_win_64/winavr/bin/../lib/gcc/avr/4.3.3/avr5\libgcc.a(_exit.o)
 .data          0x0080008b        0x0 c:/users/ahmed/documents/everything/imt/imt_tools/sdk/imt_sdk_win_64/winavr/bin/../lib/gcc/avr/4.3.3/avr5\libgcc.a(_copy_data.o)
 .data          0x0080008b        0x0 c:/users/ahmed/documents/everything/imt/imt_tools/sdk/imt_sdk_win_64/winavr/bin/../lib/gcc/avr/4.3.3/avr5\libgcc.a(_clear_bss.o)
 .data          0x0080008b        0x0 c:/users/ahmed/documents/everything/imt/imt_tools/sdk/imt_sdk_win_64/winavr/bin/../lib/gcc/avr/4.3.3/avr5\libgcc.a(_fixunssfsi.o)
 .data          0x0080008b        0x0 c:/users/ahmed/documents/everything/imt/imt_tools/sdk/imt_sdk_win_64/winavr/bin/../lib/gcc/avr/4.3.3/avr5\libgcc.a(_addsub_sf.o)
 .data          0x0080008b        0x0 c:/users/ahmed/documents/everything/imt/imt_tools/sdk/imt_sdk_win_64/winavr/bin/../lib/gcc/avr/4.3.3/avr5\libgcc.a(_mul_sf.o)
 .data          0x0080008b        0x0 c:/users/ahmed/documents/everything/imt/imt_tools/sdk/imt_sdk_win_64/winavr/bin/../lib/gcc/avr/4.3.3/avr5\libgcc.a(_div_sf.o)
 .data          0x0080008b        0x0 c:/users/ahmed/documents/everything/imt/imt_tools/sdk/imt_sdk_win_64/winavr/bin/../lib/gcc/avr/4.3.3/avr5\libgcc.a(_gt_sf.o)
 .data          0x0080008b        0x0 c:/users/ahmed/documents/everything/imt/imt_tools/sdk/imt_sdk_win_64/winavr/bin/../lib/gcc/avr/4.3.3/avr5\libgcc.a(_ge_sf.o)
 .data          0x0080008b        0x0 c:/users/ahmed/documents/everything/imt/imt_tools/sdk/imt_sdk_win_64/winavr/bin/../lib/gcc/avr/4.3.3/avr5\libgcc.a(_lt_sf.o)
 .data          0x0080008b        0x0 c:/users/ahmed/documents/everything/imt/imt_tools/sdk/imt_sdk_win_64/winavr/bin/../lib/gcc/avr/4.3.3/avr5\libgcc.a(_si_to_sf.o)
 .data          0x0080008b        0x0 c:/users/ahmed/documents/everything/imt/imt_tools/sdk/imt_sdk_win_64/winavr/bin/../lib/gcc/avr/4.3.3/avr5\libgcc.a(_sf_to_si.o)
 .data          0x0080008b        0x8 c:/users/ahmed/documents/everything/imt/imt_tools/sdk/imt_sdk_win_64/winavr/bin/../lib/gcc/avr/4.3.3/avr5\libgcc.a(_thenan_sf.o)
                0x0080008b                __thenan_sf
 .data          0x00800093        0x0 c:/users/ahmed/documents/everything/imt/imt_tools/sdk/imt_sdk_win_64/winavr/bin/../lib/gcc/avr/4.3.3/avr5\libgcc.a(_usi_to_sf.o)
 .data          0x00800093        0x0 c:/users/ahmed/documents/everything/imt/imt_tools/sdk/imt_sdk_win_64/winavr/bin/../lib/gcc/avr/4.3.3/avr5\libgcc.a(_udivmodsi4.o)
 .data          0x00800093        0x0 c:/users/ahmed/documents/everything/imt/imt_tools/sdk/imt_sdk_win_64/winavr/bin/../lib/gcc/avr/4.3.3/avr5\libgcc.a(_prologue.o)
 .data          0x00800093        0x0 c:/users/ahmed/documents/everything/imt/imt_tools/sdk/imt_sdk_win_64/winavr/bin/../lib/gcc/avr/4.3.3/avr5\libgcc.a(_epilogue.o)
 .data          0x00800093        0x0 c:/users/ahmed/documents/everything/imt/imt_tools/sdk/imt_sdk_win_64/winavr/bin/../lib/gcc/avr/4.3.3/avr5\libgcc.a(_clzsi2.o)
 .data          0x00800093        0x0 c:/users/ahmed/documents/everything/imt/imt_tools/sdk/imt_sdk_win_64/winavr/bin/../lib/gcc/avr/4.3.3/avr5\libgcc.a(_pack_sf.o)
 .data          0x00800093        0x0 c:/users/ahmed/documents/everything/imt/imt_tools/sdk/imt_sdk_win_64/winavr/bin/../lib/gcc/avr/4.3.3/avr5\libgcc.a(_unpack_sf.o)
 .data          0x00800093        0x0 c:/users/ahmed/documents/everything/imt/imt_tools/sdk/imt_sdk_win_64/winavr/bin/../lib/gcc/avr/4.3.3/avr5\libgcc.a(_fpcmp_parts_sf.o)
 .data          0x00800093      0x100 c:/users/ahmed/documents/everything/imt/imt_tools/sdk/imt_sdk_win_64/winavr/bin/../lib/gcc/avr/4.3.3/avr5\libgcc.a(_clz.o)
                0x00800093                __clz_tab
 *(.data*)
 .data.Vref     0x00800193        0x4 ./MCAL/ADC/NTI_ADC_Program.o
                0x00800193                Vref
 *(.rodata)
 *(.rodata*)
 *(.gnu.linkonce.d*)
                0x00800198                . = ALIGN (0x2)
 *fill*         0x00800197        0x1 00
                0x00800198                _edata = .
                0x00800198                PROVIDE (__data_end, .)

.bss            0x00800198       0x25
                0x00800198                PROVIDE (__bss_start, .)
 *(.bss)
 .bss           0x00800198        0x0 c:/users/ahmed/documents/everything/imt/imt_tools/sdk/imt_sdk_win_64/winavr/bin/../lib/gcc/avr/4.3.3/../../../../avr/lib/avr5/crtm32.o
 .bss           0x00800198        0x0 ./MCAL/Timer/Timers_Program.o
 .bss           0x00800198        0x0 ./MCAL/Port/Port_Program.o
 .bss           0x00800198        0x0 ./MCAL/ICU/ICU_Program.o
 .bss           0x00800198        0x0 ./MCAL/GIE/GIE_Program.o
 .bss           0x00800198        0x0 ./MCAL/EXT_INT/EXT_INT_Program.o
 .bss           0x00800198        0x0 ./MCAL/DIO/DIO_Program.o
 .bss           0x00800198        0x0 ./MCAL/ADC/NTI_ADC_Program.o
 .bss           0x00800198        0x0 ./HAL/Servo/ServoMotor_Program.o
 .bss           0x00800198        0x0 ./HAL/LCD2/LCD_Imp.o
 .bss           0x00800198        0x0 ./main.o
 .bss           0x00800198        0x0 c:/users/ahmed/documents/everything/imt/imt_tools/sdk/imt_sdk_win_64/winavr/bin/../lib/gcc/avr/4.3.3/avr5\libgcc.a(_mulsi3.o)
 .bss           0x00800198        0x0 c:/users/ahmed/documents/everything/imt/imt_tools/sdk/imt_sdk_win_64/winavr/bin/../lib/gcc/avr/4.3.3/avr5\libgcc.a(_divmodsi4.o)
 .bss           0x00800198        0x0 c:/users/ahmed/documents/everything/imt/imt_tools/sdk/imt_sdk_win_64/winavr/bin/../lib/gcc/avr/4.3.3/avr5\libgcc.a(_exit.o)
 .bss           0x00800198        0x0 c:/users/ahmed/documents/everything/imt/imt_tools/sdk/imt_sdk_win_64/winavr/bin/../lib/gcc/avr/4.3.3/avr5\libgcc.a(_copy_data.o)
 .bss           0x00800198        0x0 c:/users/ahmed/documents/everything/imt/imt_tools/sdk/imt_sdk_win_64/winavr/bin/../lib/gcc/avr/4.3.3/avr5\libgcc.a(_clear_bss.o)
 .bss           0x00800198        0x0 c:/users/ahmed/documents/everything/imt/imt_tools/sdk/imt_sdk_win_64/winavr/bin/../lib/gcc/avr/4.3.3/avr5\libgcc.a(_fixunssfsi.o)
 .bss           0x00800198        0x0 c:/users/ahmed/documents/everything/imt/imt_tools/sdk/imt_sdk_win_64/winavr/bin/../lib/gcc/avr/4.3.3/avr5\libgcc.a(_addsub_sf.o)
 .bss           0x00800198        0x0 c:/users/ahmed/documents/everything/imt/imt_tools/sdk/imt_sdk_win_64/winavr/bin/../lib/gcc/avr/4.3.3/avr5\libgcc.a(_mul_sf.o)
 .bss           0x00800198        0x0 c:/users/ahmed/documents/everything/imt/imt_tools/sdk/imt_sdk_win_64/winavr/bin/../lib/gcc/avr/4.3.3/avr5\libgcc.a(_div_sf.o)
 .bss           0x00800198        0x0 c:/users/ahmed/documents/everything/imt/imt_tools/sdk/imt_sdk_win_64/winavr/bin/../lib/gcc/avr/4.3.3/avr5\libgcc.a(_gt_sf.o)
 .bss           0x00800198        0x0 c:/users/ahmed/documents/everything/imt/imt_tools/sdk/imt_sdk_win_64/winavr/bin/../lib/gcc/avr/4.3.3/avr5\libgcc.a(_ge_sf.o)
 .bss           0x00800198        0x0 c:/users/ahmed/documents/everything/imt/imt_tools/sdk/imt_sdk_win_64/winavr/bin/../lib/gcc/avr/4.3.3/avr5\libgcc.a(_lt_sf.o)
 .bss           0x00800198        0x0 c:/users/ahmed/documents/everything/imt/imt_tools/sdk/imt_sdk_win_64/winavr/bin/../lib/gcc/avr/4.3.3/avr5\libgcc.a(_si_to_sf.o)
 .bss           0x00800198        0x0 c:/users/ahmed/documents/everything/imt/imt_tools/sdk/imt_sdk_win_64/winavr/bin/../lib/gcc/avr/4.3.3/avr5\libgcc.a(_sf_to_si.o)
 .bss           0x00800198        0x0 c:/users/ahmed/documents/everything/imt/imt_tools/sdk/imt_sdk_win_64/winavr/bin/../lib/gcc/avr/4.3.3/avr5\libgcc.a(_thenan_sf.o)
 .bss           0x00800198        0x0 c:/users/ahmed/documents/everything/imt/imt_tools/sdk/imt_sdk_win_64/winavr/bin/../lib/gcc/avr/4.3.3/avr5\libgcc.a(_usi_to_sf.o)
 .bss           0x00800198        0x0 c:/users/ahmed/documents/everything/imt/imt_tools/sdk/imt_sdk_win_64/winavr/bin/../lib/gcc/avr/4.3.3/avr5\libgcc.a(_udivmodsi4.o)
 .bss           0x00800198        0x0 c:/users/ahmed/documents/everything/imt/imt_tools/sdk/imt_sdk_win_64/winavr/bin/../lib/gcc/avr/4.3.3/avr5\libgcc.a(_prologue.o)
 .bss           0x00800198        0x0 c:/users/ahmed/documents/everything/imt/imt_tools/sdk/imt_sdk_win_64/winavr/bin/../lib/gcc/avr/4.3.3/avr5\libgcc.a(_epilogue.o)
 .bss           0x00800198        0x0 c:/users/ahmed/documents/everything/imt/imt_tools/sdk/imt_sdk_win_64/winavr/bin/../lib/gcc/avr/4.3.3/avr5\libgcc.a(_clzsi2.o)
 .bss           0x00800198        0x0 c:/users/ahmed/documents/everything/imt/imt_tools/sdk/imt_sdk_win_64/winavr/bin/../lib/gcc/avr/4.3.3/avr5\libgcc.a(_pack_sf.o)
 .bss           0x00800198        0x0 c:/users/ahmed/documents/everything/imt/imt_tools/sdk/imt_sdk_win_64/winavr/bin/../lib/gcc/avr/4.3.3/avr5\libgcc.a(_unpack_sf.o)
 .bss           0x00800198        0x0 c:/users/ahmed/documents/everything/imt/imt_tools/sdk/imt_sdk_win_64/winavr/bin/../lib/gcc/avr/4.3.3/avr5\libgcc.a(_fpcmp_parts_sf.o)
 .bss           0x00800198        0x0 c:/users/ahmed/documents/everything/imt/imt_tools/sdk/imt_sdk_win_64/winavr/bin/../lib/gcc/avr/4.3.3/avr5\libgcc.a(_clz.o)
 *(.bss*)
 .bss.TIMER0_pvCallBack
                0x00800198        0x2 ./MCAL/Timer/Timers_Program.o
 .bss.TIMER2_pvCallBack
                0x0080019a        0x2 ./MCAL/Timer/Timers_Program.o
 .bss.EXTI_pvINT0Func
                0x0080019c        0x2 ./MCAL/EXT_INT/EXT_INT_Program.o
                0x0080019c                EXTI_pvINT0Func
 .bss.EXTI_pvINT1Func
                0x0080019e        0x2 ./MCAL/EXT_INT/EXT_INT_Program.o
                0x0080019e                EXTI_pvINT1Func
 .bss.EXTI_pvINT2Func
                0x008001a0        0x2 ./MCAL/EXT_INT/EXT_INT_Program.o
                0x008001a0                EXTI_pvINT2Func
 .bss.REF       0x008001a2        0x4 ./MCAL/ADC/NTI_ADC_Program.o
                0x008001a2                REF
 .bss.Globalu8Readings
                0x008001a6       0x14 ./main.o
                0x008001a6                Globalu8Readings
 .bss.Sensor_index
                0x008001ba        0x1 ./main.o
                0x008001ba                Sensor_index
 *(COMMON)
 COMMON         0x008001bb        0x2 ./MCAL/ADC/NTI_ADC_Program.o
                0x008001bb                ADC_pvFunc
                0x008001bd                PROVIDE (__bss_end, .)
                0x00003e2c                __data_load_start = LOADADDR (.data)
                0x00003f64                __data_load_end = (__data_load_start + SIZEOF (.data))

.noinit         0x008001bd        0x0
                0x008001bd                PROVIDE (__noinit_start, .)
 *(.noinit*)
                0x008001bd                PROVIDE (__noinit_end, .)
                0x008001bd                _end = .
                0x008001bd                PROVIDE (__heap_start, .)

.eeprom         0x00810000        0x0
 *(.eeprom*)
                0x00810000                __eeprom_end = .

.fuse
 *(.fuse)
 *(.lfuse)
 *(.hfuse)
 *(.efuse)

.lock
 *(.lock*)

.signature
 *(.signature*)

.stab           0x00000000     0x39a8
 *(.stab)
 .stab          0x00000000      0x5c4 ./MCAL/Timer/Timers_Program.o
 .stab          0x000005c4      0x1ec ./MCAL/Port/Port_Program.o
                                0x1f8 (size before relaxing)
 .stab          0x000007b0       0xd8 ./MCAL/ICU/ICU_Program.o
                                 0xe4 (size before relaxing)
 .stab          0x00000888      0x1c8 ./MCAL/GIE/GIE_Program.o
                                0x1d4 (size before relaxing)
 .stab          0x00000a50      0x66c ./MCAL/EXT_INT/EXT_INT_Program.o
                                0x678 (size before relaxing)
 .stab          0x000010bc      0x48c ./MCAL/DIO/DIO_Program.o
                                0x498 (size before relaxing)
 .stab          0x00001548      0x4e0 ./MCAL/ADC/NTI_ADC_Program.o
                                0x4ec (size before relaxing)
 .stab          0x00001a28      0x258 ./HAL/Servo/ServoMotor_Program.o
                                0x264 (size before relaxing)
 .stab          0x00001c80     0x153c ./HAL/LCD2/LCD_Imp.o
                               0x1548 (size before relaxing)
 .stab          0x000031bc      0x7ec ./main.o
                                0x990 (size before relaxing)

.stabstr        0x00000000     0x1583
 *(.stabstr)
 .stabstr       0x00000000     0x1583 ./MCAL/Timer/Timers_Program.o

.stab.excl
 *(.stab.excl)

.stab.exclstr
 *(.stab.exclstr)

.stab.index
 *(.stab.index)

.stab.indexstr
 *(.stab.indexstr)

.comment
 *(.comment)

.debug
 *(.debug)

.line
 *(.line)

.debug_srcinfo
 *(.debug_srcinfo)

.debug_sfnames
 *(.debug_sfnames)

.debug_aranges  0x00000000      0x1c0
 *(.debug_aranges)
 .debug_aranges
                0x00000000       0x20 c:/users/ahmed/documents/everything/imt/imt_tools/sdk/imt_sdk_win_64/winavr/bin/../lib/gcc/avr/4.3.3/avr5\libgcc.a(_fixunssfsi.o)
 .debug_aranges
                0x00000020       0x20 c:/users/ahmed/documents/everything/imt/imt_tools/sdk/imt_sdk_win_64/winavr/bin/../lib/gcc/avr/4.3.3/avr5\libgcc.a(_addsub_sf.o)
 .debug_aranges
                0x00000040       0x20 c:/users/ahmed/documents/everything/imt/imt_tools/sdk/imt_sdk_win_64/winavr/bin/../lib/gcc/avr/4.3.3/avr5\libgcc.a(_mul_sf.o)
 .debug_aranges
                0x00000060       0x20 c:/users/ahmed/documents/everything/imt/imt_tools/sdk/imt_sdk_win_64/winavr/bin/../lib/gcc/avr/4.3.3/avr5\libgcc.a(_div_sf.o)
 .debug_aranges
                0x00000080       0x20 c:/users/ahmed/documents/everything/imt/imt_tools/sdk/imt_sdk_win_64/winavr/bin/../lib/gcc/avr/4.3.3/avr5\libgcc.a(_gt_sf.o)
 .debug_aranges
                0x000000a0       0x20 c:/users/ahmed/documents/everything/imt/imt_tools/sdk/imt_sdk_win_64/winavr/bin/../lib/gcc/avr/4.3.3/avr5\libgcc.a(_ge_sf.o)
 .debug_aranges
                0x000000c0       0x20 c:/users/ahmed/documents/everything/imt/imt_tools/sdk/imt_sdk_win_64/winavr/bin/../lib/gcc/avr/4.3.3/avr5\libgcc.a(_lt_sf.o)
 .debug_aranges
                0x000000e0       0x20 c:/users/ahmed/documents/everything/imt/imt_tools/sdk/imt_sdk_win_64/winavr/bin/../lib/gcc/avr/4.3.3/avr5\libgcc.a(_si_to_sf.o)
 .debug_aranges
                0x00000100       0x20 c:/users/ahmed/documents/everything/imt/imt_tools/sdk/imt_sdk_win_64/winavr/bin/../lib/gcc/avr/4.3.3/avr5\libgcc.a(_sf_to_si.o)
 .debug_aranges
                0x00000120       0x20 c:/users/ahmed/documents/everything/imt/imt_tools/sdk/imt_sdk_win_64/winavr/bin/../lib/gcc/avr/4.3.3/avr5\libgcc.a(_usi_to_sf.o)
 .debug_aranges
                0x00000140       0x20 c:/users/ahmed/documents/everything/imt/imt_tools/sdk/imt_sdk_win_64/winavr/bin/../lib/gcc/avr/4.3.3/avr5\libgcc.a(_clzsi2.o)
 .debug_aranges
                0x00000160       0x20 c:/users/ahmed/documents/everything/imt/imt_tools/sdk/imt_sdk_win_64/winavr/bin/../lib/gcc/avr/4.3.3/avr5\libgcc.a(_pack_sf.o)
 .debug_aranges
                0x00000180       0x20 c:/users/ahmed/documents/everything/imt/imt_tools/sdk/imt_sdk_win_64/winavr/bin/../lib/gcc/avr/4.3.3/avr5\libgcc.a(_unpack_sf.o)
 .debug_aranges
                0x000001a0       0x20 c:/users/ahmed/documents/everything/imt/imt_tools/sdk/imt_sdk_win_64/winavr/bin/../lib/gcc/avr/4.3.3/avr5\libgcc.a(_fpcmp_parts_sf.o)

.debug_pubnames
                0x00000000      0x214
 *(.debug_pubnames)
 .debug_pubnames
                0x00000000       0x23 c:/users/ahmed/documents/everything/imt/imt_tools/sdk/imt_sdk_win_64/winavr/bin/../lib/gcc/avr/4.3.3/avr5\libgcc.a(_fixunssfsi.o)
 .debug_pubnames
                0x00000023       0x2c c:/users/ahmed/documents/everything/imt/imt_tools/sdk/imt_sdk_win_64/winavr/bin/../lib/gcc/avr/4.3.3/avr5\libgcc.a(_addsub_sf.o)
 .debug_pubnames
                0x0000004f       0x1f c:/users/ahmed/documents/everything/imt/imt_tools/sdk/imt_sdk_win_64/winavr/bin/../lib/gcc/avr/4.3.3/avr5\libgcc.a(_mul_sf.o)
 .debug_pubnames
                0x0000006e       0x1f c:/users/ahmed/documents/everything/imt/imt_tools/sdk/imt_sdk_win_64/winavr/bin/../lib/gcc/avr/4.3.3/avr5\libgcc.a(_div_sf.o)
 .debug_pubnames
                0x0000008d       0x1e c:/users/ahmed/documents/everything/imt/imt_tools/sdk/imt_sdk_win_64/winavr/bin/../lib/gcc/avr/4.3.3/avr5\libgcc.a(_gt_sf.o)
 .debug_pubnames
                0x000000ab       0x1e c:/users/ahmed/documents/everything/imt/imt_tools/sdk/imt_sdk_win_64/winavr/bin/../lib/gcc/avr/4.3.3/avr5\libgcc.a(_ge_sf.o)
 .debug_pubnames
                0x000000c9       0x1e c:/users/ahmed/documents/everything/imt/imt_tools/sdk/imt_sdk_win_64/winavr/bin/../lib/gcc/avr/4.3.3/avr5\libgcc.a(_lt_sf.o)
 .debug_pubnames
                0x000000e7       0x22 c:/users/ahmed/documents/everything/imt/imt_tools/sdk/imt_sdk_win_64/winavr/bin/../lib/gcc/avr/4.3.3/avr5\libgcc.a(_si_to_sf.o)
 .debug_pubnames
                0x00000109       0x20 c:/users/ahmed/documents/everything/imt/imt_tools/sdk/imt_sdk_win_64/winavr/bin/../lib/gcc/avr/4.3.3/avr5\libgcc.a(_sf_to_si.o)
 .debug_pubnames
                0x00000129       0x22 c:/users/ahmed/documents/everything/imt/imt_tools/sdk/imt_sdk_win_64/winavr/bin/../lib/gcc/avr/4.3.3/avr5\libgcc.a(_thenan_sf.o)
 .debug_pubnames
                0x0000014b       0x24 c:/users/ahmed/documents/everything/imt/imt_tools/sdk/imt_sdk_win_64/winavr/bin/../lib/gcc/avr/4.3.3/avr5\libgcc.a(_usi_to_sf.o)
 .debug_pubnames
                0x0000016f       0x1f c:/users/ahmed/documents/everything/imt/imt_tools/sdk/imt_sdk_win_64/winavr/bin/../lib/gcc/avr/4.3.3/avr5\libgcc.a(_clzsi2.o)
 .debug_pubnames
                0x0000018e       0x1f c:/users/ahmed/documents/everything/imt/imt_tools/sdk/imt_sdk_win_64/winavr/bin/../lib/gcc/avr/4.3.3/avr5\libgcc.a(_pack_sf.o)
 .debug_pubnames
                0x000001ad       0x21 c:/users/ahmed/documents/everything/imt/imt_tools/sdk/imt_sdk_win_64/winavr/bin/../lib/gcc/avr/4.3.3/avr5\libgcc.a(_unpack_sf.o)
 .debug_pubnames
                0x000001ce       0x26 c:/users/ahmed/documents/everything/imt/imt_tools/sdk/imt_sdk_win_64/winavr/bin/../lib/gcc/avr/4.3.3/avr5\libgcc.a(_fpcmp_parts_sf.o)
 .debug_pubnames
                0x000001f4       0x20 c:/users/ahmed/documents/everything/imt/imt_tools/sdk/imt_sdk_win_64/winavr/bin/../lib/gcc/avr/4.3.3/avr5\libgcc.a(_clz.o)

.debug_info     0x00000000     0x2612
 *(.debug_info)
 .debug_info    0x00000000       0xb1 c:/users/ahmed/documents/everything/imt/imt_tools/sdk/imt_sdk_win_64/winavr/bin/../lib/gcc/avr/4.3.3/avr5\libgcc.a(_fixunssfsi.o)
 .debug_info    0x000000b1      0x47a c:/users/ahmed/documents/everything/imt/imt_tools/sdk/imt_sdk_win_64/winavr/bin/../lib/gcc/avr/4.3.3/avr5\libgcc.a(_addsub_sf.o)
 .debug_info    0x0000052b      0x485 c:/users/ahmed/documents/everything/imt/imt_tools/sdk/imt_sdk_win_64/winavr/bin/../lib/gcc/avr/4.3.3/avr5\libgcc.a(_mul_sf.o)
 .debug_info    0x000009b0      0x3fc c:/users/ahmed/documents/everything/imt/imt_tools/sdk/imt_sdk_win_64/winavr/bin/../lib/gcc/avr/4.3.3/avr5\libgcc.a(_div_sf.o)
 .debug_info    0x00000dac      0x27f c:/users/ahmed/documents/everything/imt/imt_tools/sdk/imt_sdk_win_64/winavr/bin/../lib/gcc/avr/4.3.3/avr5\libgcc.a(_gt_sf.o)
 .debug_info    0x0000102b      0x27f c:/users/ahmed/documents/everything/imt/imt_tools/sdk/imt_sdk_win_64/winavr/bin/../lib/gcc/avr/4.3.3/avr5\libgcc.a(_ge_sf.o)
 .debug_info    0x000012aa      0x27f c:/users/ahmed/documents/everything/imt/imt_tools/sdk/imt_sdk_win_64/winavr/bin/../lib/gcc/avr/4.3.3/avr5\libgcc.a(_lt_sf.o)
 .debug_info    0x00001529      0x207 c:/users/ahmed/documents/everything/imt/imt_tools/sdk/imt_sdk_win_64/winavr/bin/../lib/gcc/avr/4.3.3/avr5\libgcc.a(_si_to_sf.o)
 .debug_info    0x00001730      0x2b0 c:/users/ahmed/documents/everything/imt/imt_tools/sdk/imt_sdk_win_64/winavr/bin/../lib/gcc/avr/4.3.3/avr5\libgcc.a(_sf_to_si.o)
 .debug_info    0x000019e0      0x12c c:/users/ahmed/documents/everything/imt/imt_tools/sdk/imt_sdk_win_64/winavr/bin/../lib/gcc/avr/4.3.3/avr5\libgcc.a(_thenan_sf.o)
 .debug_info    0x00001b0c      0x206 c:/users/ahmed/documents/everything/imt/imt_tools/sdk/imt_sdk_win_64/winavr/bin/../lib/gcc/avr/4.3.3/avr5\libgcc.a(_usi_to_sf.o)
 .debug_info    0x00001d12      0x117 c:/users/ahmed/documents/everything/imt/imt_tools/sdk/imt_sdk_win_64/winavr/bin/../lib/gcc/avr/4.3.3/avr5\libgcc.a(_clzsi2.o)
 .debug_info    0x00001e29      0x2df c:/users/ahmed/documents/everything/imt/imt_tools/sdk/imt_sdk_win_64/winavr/bin/../lib/gcc/avr/4.3.3/avr5\libgcc.a(_pack_sf.o)
 .debug_info    0x00002108      0x251 c:/users/ahmed/documents/everything/imt/imt_tools/sdk/imt_sdk_win_64/winavr/bin/../lib/gcc/avr/4.3.3/avr5\libgcc.a(_unpack_sf.o)
 .debug_info    0x00002359      0x210 c:/users/ahmed/documents/everything/imt/imt_tools/sdk/imt_sdk_win_64/winavr/bin/../lib/gcc/avr/4.3.3/avr5\libgcc.a(_fpcmp_parts_sf.o)
 .debug_info    0x00002569       0xa9 c:/users/ahmed/documents/everything/imt/imt_tools/sdk/imt_sdk_win_64/winavr/bin/../lib/gcc/avr/4.3.3/avr5\libgcc.a(_clz.o)
 *(.gnu.linkonce.wi.*)

.debug_abbrev   0x00000000     0x14ce
 *(.debug_abbrev)
 .debug_abbrev  0x00000000       0x5d c:/users/ahmed/documents/everything/imt/imt_tools/sdk/imt_sdk_win_64/winavr/bin/../lib/gcc/avr/4.3.3/avr5\libgcc.a(_fixunssfsi.o)
 .debug_abbrev  0x0000005d      0x1ea c:/users/ahmed/documents/everything/imt/imt_tools/sdk/imt_sdk_win_64/winavr/bin/../lib/gcc/avr/4.3.3/avr5\libgcc.a(_addsub_sf.o)
 .debug_abbrev  0x00000247      0x21b c:/users/ahmed/documents/everything/imt/imt_tools/sdk/imt_sdk_win_64/winavr/bin/../lib/gcc/avr/4.3.3/avr5\libgcc.a(_mul_sf.o)
 .debug_abbrev  0x00000462      0x216 c:/users/ahmed/documents/everything/imt/imt_tools/sdk/imt_sdk_win_64/winavr/bin/../lib/gcc/avr/4.3.3/avr5\libgcc.a(_div_sf.o)
 .debug_abbrev  0x00000678      0x15a c:/users/ahmed/documents/everything/imt/imt_tools/sdk/imt_sdk_win_64/winavr/bin/../lib/gcc/avr/4.3.3/avr5\libgcc.a(_gt_sf.o)
 .debug_abbrev  0x000007d2      0x15a c:/users/ahmed/documents/everything/imt/imt_tools/sdk/imt_sdk_win_64/winavr/bin/../lib/gcc/avr/4.3.3/avr5\libgcc.a(_ge_sf.o)
 .debug_abbrev  0x0000092c      0x15a c:/users/ahmed/documents/everything/imt/imt_tools/sdk/imt_sdk_win_64/winavr/bin/../lib/gcc/avr/4.3.3/avr5\libgcc.a(_lt_sf.o)
 .debug_abbrev  0x00000a86      0x148 c:/users/ahmed/documents/everything/imt/imt_tools/sdk/imt_sdk_win_64/winavr/bin/../lib/gcc/avr/4.3.3/avr5\libgcc.a(_si_to_sf.o)
 .debug_abbrev  0x00000bce      0x17f c:/users/ahmed/documents/everything/imt/imt_tools/sdk/imt_sdk_win_64/winavr/bin/../lib/gcc/avr/4.3.3/avr5\libgcc.a(_sf_to_si.o)
 .debug_abbrev  0x00000d4d       0xad c:/users/ahmed/documents/everything/imt/imt_tools/sdk/imt_sdk_win_64/winavr/bin/../lib/gcc/avr/4.3.3/avr5\libgcc.a(_thenan_sf.o)
 .debug_abbrev  0x00000dfa      0x157 c:/users/ahmed/documents/everything/imt/imt_tools/sdk/imt_sdk_win_64/winavr/bin/../lib/gcc/avr/4.3.3/avr5\libgcc.a(_usi_to_sf.o)
 .debug_abbrev  0x00000f51       0xc4 c:/users/ahmed/documents/everything/imt/imt_tools/sdk/imt_sdk_win_64/winavr/bin/../lib/gcc/avr/4.3.3/avr5\libgcc.a(_clzsi2.o)
 .debug_abbrev  0x00001015      0x1c0 c:/users/ahmed/documents/everything/imt/imt_tools/sdk/imt_sdk_win_64/winavr/bin/../lib/gcc/avr/4.3.3/avr5\libgcc.a(_pack_sf.o)
 .debug_abbrev  0x000011d5      0x154 c:/users/ahmed/documents/everything/imt/imt_tools/sdk/imt_sdk_win_64/winavr/bin/../lib/gcc/avr/4.3.3/avr5\libgcc.a(_unpack_sf.o)
 .debug_abbrev  0x00001329      0x13b c:/users/ahmed/documents/everything/imt/imt_tools/sdk/imt_sdk_win_64/winavr/bin/../lib/gcc/avr/4.3.3/avr5\libgcc.a(_fpcmp_parts_sf.o)
 .debug_abbrev  0x00001464       0x6a c:/users/ahmed/documents/everything/imt/imt_tools/sdk/imt_sdk_win_64/winavr/bin/../lib/gcc/avr/4.3.3/avr5\libgcc.a(_clz.o)

.debug_line     0x00000000     0x130b
 *(.debug_line)
 .debug_line    0x00000000       0xa7 c:/users/ahmed/documents/everything/imt/imt_tools/sdk/imt_sdk_win_64/winavr/bin/../lib/gcc/avr/4.3.3/avr5\libgcc.a(_fixunssfsi.o)
 .debug_line    0x000000a7      0x2af c:/users/ahmed/documents/everything/imt/imt_tools/sdk/imt_sdk_win_64/winavr/bin/../lib/gcc/avr/4.3.3/avr5\libgcc.a(_addsub_sf.o)
 .debug_line    0x00000356      0x239 c:/users/ahmed/documents/everything/imt/imt_tools/sdk/imt_sdk_win_64/winavr/bin/../lib/gcc/avr/4.3.3/avr5\libgcc.a(_mul_sf.o)
 .debug_line    0x0000058f      0x1d5 c:/users/ahmed/documents/everything/imt/imt_tools/sdk/imt_sdk_win_64/winavr/bin/../lib/gcc/avr/4.3.3/avr5\libgcc.a(_div_sf.o)
 .debug_line    0x00000764       0xd3 c:/users/ahmed/documents/everything/imt/imt_tools/sdk/imt_sdk_win_64/winavr/bin/../lib/gcc/avr/4.3.3/avr5\libgcc.a(_gt_sf.o)
 .debug_line    0x00000837       0xd3 c:/users/ahmed/documents/everything/imt/imt_tools/sdk/imt_sdk_win_64/winavr/bin/../lib/gcc/avr/4.3.3/avr5\libgcc.a(_ge_sf.o)
 .debug_line    0x0000090a       0xd3 c:/users/ahmed/documents/everything/imt/imt_tools/sdk/imt_sdk_win_64/winavr/bin/../lib/gcc/avr/4.3.3/avr5\libgcc.a(_lt_sf.o)
 .debug_line    0x000009dd      0x135 c:/users/ahmed/documents/everything/imt/imt_tools/sdk/imt_sdk_win_64/winavr/bin/../lib/gcc/avr/4.3.3/avr5\libgcc.a(_si_to_sf.o)
 .debug_line    0x00000b12      0x109 c:/users/ahmed/documents/everything/imt/imt_tools/sdk/imt_sdk_win_64/winavr/bin/../lib/gcc/avr/4.3.3/avr5\libgcc.a(_sf_to_si.o)
 .debug_line    0x00000c1b       0x90 c:/users/ahmed/documents/everything/imt/imt_tools/sdk/imt_sdk_win_64/winavr/bin/../lib/gcc/avr/4.3.3/avr5\libgcc.a(_thenan_sf.o)
 .debug_line    0x00000cab      0x133 c:/users/ahmed/documents/everything/imt/imt_tools/sdk/imt_sdk_win_64/winavr/bin/../lib/gcc/avr/4.3.3/avr5\libgcc.a(_usi_to_sf.o)
 .debug_line    0x00000dde       0xa5 c:/users/ahmed/documents/everything/imt/imt_tools/sdk/imt_sdk_win_64/winavr/bin/../lib/gcc/avr/4.3.3/avr5\libgcc.a(_clzsi2.o)
 .debug_line    0x00000e83      0x18a c:/users/ahmed/documents/everything/imt/imt_tools/sdk/imt_sdk_win_64/winavr/bin/../lib/gcc/avr/4.3.3/avr5\libgcc.a(_pack_sf.o)
 .debug_line    0x0000100d      0x14b c:/users/ahmed/documents/everything/imt/imt_tools/sdk/imt_sdk_win_64/winavr/bin/../lib/gcc/avr/4.3.3/avr5\libgcc.a(_unpack_sf.o)
 .debug_line    0x00001158      0x137 c:/users/ahmed/documents/everything/imt/imt_tools/sdk/imt_sdk_win_64/winavr/bin/../lib/gcc/avr/4.3.3/avr5\libgcc.a(_fpcmp_parts_sf.o)
 .debug_line    0x0000128f       0x7c c:/users/ahmed/documents/everything/imt/imt_tools/sdk/imt_sdk_win_64/winavr/bin/../lib/gcc/avr/4.3.3/avr5\libgcc.a(_clz.o)

.debug_frame    0x00000000      0x1e0
 *(.debug_frame)
 .debug_frame   0x00000000       0x20 c:/users/ahmed/documents/everything/imt/imt_tools/sdk/imt_sdk_win_64/winavr/bin/../lib/gcc/avr/4.3.3/avr5\libgcc.a(_fixunssfsi.o)
 .debug_frame   0x00000020       0x40 c:/users/ahmed/documents/everything/imt/imt_tools/sdk/imt_sdk_win_64/winavr/bin/../lib/gcc/avr/4.3.3/avr5\libgcc.a(_addsub_sf.o)
 .debug_frame   0x00000060       0x20 c:/users/ahmed/documents/everything/imt/imt_tools/sdk/imt_sdk_win_64/winavr/bin/../lib/gcc/avr/4.3.3/avr5\libgcc.a(_mul_sf.o)
 .debug_frame   0x00000080       0x20 c:/users/ahmed/documents/everything/imt/imt_tools/sdk/imt_sdk_win_64/winavr/bin/../lib/gcc/avr/4.3.3/avr5\libgcc.a(_div_sf.o)
 .debug_frame   0x000000a0       0x20 c:/users/ahmed/documents/everything/imt/imt_tools/sdk/imt_sdk_win_64/winavr/bin/../lib/gcc/avr/4.3.3/avr5\libgcc.a(_gt_sf.o)
 .debug_frame   0x000000c0       0x20 c:/users/ahmed/documents/everything/imt/imt_tools/sdk/imt_sdk_win_64/winavr/bin/../lib/gcc/avr/4.3.3/avr5\libgcc.a(_ge_sf.o)
 .debug_frame   0x000000e0       0x20 c:/users/ahmed/documents/everything/imt/imt_tools/sdk/imt_sdk_win_64/winavr/bin/../lib/gcc/avr/4.3.3/avr5\libgcc.a(_lt_sf.o)
 .debug_frame   0x00000100       0x20 c:/users/ahmed/documents/everything/imt/imt_tools/sdk/imt_sdk_win_64/winavr/bin/../lib/gcc/avr/4.3.3/avr5\libgcc.a(_si_to_sf.o)
 .debug_frame   0x00000120       0x20 c:/users/ahmed/documents/everything/imt/imt_tools/sdk/imt_sdk_win_64/winavr/bin/../lib/gcc/avr/4.3.3/avr5\libgcc.a(_sf_to_si.o)
 .debug_frame   0x00000140       0x20 c:/users/ahmed/documents/everything/imt/imt_tools/sdk/imt_sdk_win_64/winavr/bin/../lib/gcc/avr/4.3.3/avr5\libgcc.a(_usi_to_sf.o)
 .debug_frame   0x00000160       0x20 c:/users/ahmed/documents/everything/imt/imt_tools/sdk/imt_sdk_win_64/winavr/bin/../lib/gcc/avr/4.3.3/avr5\libgcc.a(_clzsi2.o)
 .debug_frame   0x00000180       0x20 c:/users/ahmed/documents/everything/imt/imt_tools/sdk/imt_sdk_win_64/winavr/bin/../lib/gcc/avr/4.3.3/avr5\libgcc.a(_pack_sf.o)
 .debug_frame   0x000001a0       0x20 c:/users/ahmed/documents/everything/imt/imt_tools/sdk/imt_sdk_win_64/winavr/bin/../lib/gcc/avr/4.3.3/avr5\libgcc.a(_unpack_sf.o)
 .debug_frame   0x000001c0       0x20 c:/users/ahmed/documents/everything/imt/imt_tools/sdk/imt_sdk_win_64/winavr/bin/../lib/gcc/avr/4.3.3/avr5\libgcc.a(_fpcmp_parts_sf.o)

.debug_str      0x00000000      0x307
 *(.debug_str)
 .debug_str     0x00000000       0xbf c:/users/ahmed/documents/everything/imt/imt_tools/sdk/imt_sdk_win_64/winavr/bin/../lib/gcc/avr/4.3.3/avr5\libgcc.a(_fixunssfsi.o)
                                 0xfe (size before relaxing)
 .debug_str     0x000000bf      0x14d c:/users/ahmed/documents/everything/imt/imt_tools/sdk/imt_sdk_win_64/winavr/bin/../lib/gcc/avr/4.3.3/avr5\libgcc.a(_addsub_sf.o)
                                0x206 (size before relaxing)
 .debug_str     0x0000020c       0x27 c:/users/ahmed/documents/everything/imt/imt_tools/sdk/imt_sdk_win_64/winavr/bin/../lib/gcc/avr/4.3.3/avr5\libgcc.a(_mul_sf.o)
                                0x1bf (size before relaxing)
 .debug_str     0x00000233       0x35 c:/users/ahmed/documents/everything/imt/imt_tools/sdk/imt_sdk_win_64/winavr/bin/../lib/gcc/avr/4.3.3/avr5\libgcc.a(_div_sf.o)
                                0x1c8 (size before relaxing)
 .debug_str     0x00000268        0x8 c:/users/ahmed/documents/everything/imt/imt_tools/sdk/imt_sdk_win_64/winavr/bin/../lib/gcc/avr/4.3.3/avr5\libgcc.a(_gt_sf.o)
                                0x195 (size before relaxing)
 .debug_str     0x00000270        0x8 c:/users/ahmed/documents/everything/imt/imt_tools/sdk/imt_sdk_win_64/winavr/bin/../lib/gcc/avr/4.3.3/avr5\libgcc.a(_ge_sf.o)
                                0x195 (size before relaxing)
 .debug_str     0x00000278        0x8 c:/users/ahmed/documents/everything/imt/imt_tools/sdk/imt_sdk_win_64/winavr/bin/../lib/gcc/avr/4.3.3/avr5\libgcc.a(_lt_sf.o)
                                0x195 (size before relaxing)
 .debug_str     0x00000280       0x1e c:/users/ahmed/documents/everything/imt/imt_tools/sdk/imt_sdk_win_64/winavr/bin/../lib/gcc/avr/4.3.3/avr5\libgcc.a(_si_to_sf.o)
                                0x17b (size before relaxing)
 .debug_str     0x0000029e        0xa c:/users/ahmed/documents/everything/imt/imt_tools/sdk/imt_sdk_win_64/winavr/bin/../lib/gcc/avr/4.3.3/avr5\libgcc.a(_sf_to_si.o)
                                0x19e (size before relaxing)
 .debug_str     0x00000000      0x103 c:/users/ahmed/documents/everything/imt/imt_tools/sdk/imt_sdk_win_64/winavr/bin/../lib/gcc/avr/4.3.3/avr5\libgcc.a(_thenan_sf.o)
 .debug_str     0x000002a8       0x14 c:/users/ahmed/documents/everything/imt/imt_tools/sdk/imt_sdk_win_64/winavr/bin/../lib/gcc/avr/4.3.3/avr5\libgcc.a(_usi_to_sf.o)
                                0x177 (size before relaxing)
 .debug_str     0x000002bc       0x20 c:/users/ahmed/documents/everything/imt/imt_tools/sdk/imt_sdk_win_64/winavr/bin/../lib/gcc/avr/4.3.3/avr5\libgcc.a(_clzsi2.o)
                                0x111 (size before relaxing)
 .debug_str     0x000002dc       0x10 c:/users/ahmed/documents/everything/imt/imt_tools/sdk/imt_sdk_win_64/winavr/bin/../lib/gcc/avr/4.3.3/avr5\libgcc.a(_pack_sf.o)
                                0x19d (size before relaxing)
 .debug_str     0x000002ec        0xb c:/users/ahmed/documents/everything/imt/imt_tools/sdk/imt_sdk_win_64/winavr/bin/../lib/gcc/avr/4.3.3/avr5\libgcc.a(_unpack_sf.o)
                                0x17f (size before relaxing)
 .debug_str     0x000002f7       0x10 c:/users/ahmed/documents/everything/imt/imt_tools/sdk/imt_sdk_win_64/winavr/bin/../lib/gcc/avr/4.3.3/avr5\libgcc.a(_fpcmp_parts_sf.o)
                                0x163 (size before relaxing)
 .debug_str     0x00000000       0xf4 c:/users/ahmed/documents/everything/imt/imt_tools/sdk/imt_sdk_win_64/winavr/bin/../lib/gcc/avr/4.3.3/avr5\libgcc.a(_clz.o)

.debug_loc      0x00000000      0xa1a
 *(.debug_loc)
 .debug_loc     0x00000000       0x34 c:/users/ahmed/documents/everything/imt/imt_tools/sdk/imt_sdk_win_64/winavr/bin/../lib/gcc/avr/4.3.3/avr5\libgcc.a(_fixunssfsi.o)
 .debug_loc     0x00000034      0x32a c:/users/ahmed/documents/everything/imt/imt_tools/sdk/imt_sdk_win_64/winavr/bin/../lib/gcc/avr/4.3.3/avr5\libgcc.a(_addsub_sf.o)
 .debug_loc     0x0000035e      0x104 c:/users/ahmed/documents/everything/imt/imt_tools/sdk/imt_sdk_win_64/winavr/bin/../lib/gcc/avr/4.3.3/avr5\libgcc.a(_mul_sf.o)
 .debug_loc     0x00000462       0xc0 c:/users/ahmed/documents/everything/imt/imt_tools/sdk/imt_sdk_win_64/winavr/bin/../lib/gcc/avr/4.3.3/avr5\libgcc.a(_div_sf.o)
 .debug_loc     0x00000522       0x3c c:/users/ahmed/documents/everything/imt/imt_tools/sdk/imt_sdk_win_64/winavr/bin/../lib/gcc/avr/4.3.3/avr5\libgcc.a(_gt_sf.o)
 .debug_loc     0x0000055e       0x3c c:/users/ahmed/documents/everything/imt/imt_tools/sdk/imt_sdk_win_64/winavr/bin/../lib/gcc/avr/4.3.3/avr5\libgcc.a(_ge_sf.o)
 .debug_loc     0x0000059a       0x3c c:/users/ahmed/documents/everything/imt/imt_tools/sdk/imt_sdk_win_64/winavr/bin/../lib/gcc/avr/4.3.3/avr5\libgcc.a(_lt_sf.o)
 .debug_loc     0x000005d6       0xac c:/users/ahmed/documents/everything/imt/imt_tools/sdk/imt_sdk_win_64/winavr/bin/../lib/gcc/avr/4.3.3/avr5\libgcc.a(_si_to_sf.o)
 .debug_loc     0x00000682       0x7e c:/users/ahmed/documents/everything/imt/imt_tools/sdk/imt_sdk_win_64/winavr/bin/../lib/gcc/avr/4.3.3/avr5\libgcc.a(_sf_to_si.o)
 .debug_loc     0x00000700       0x4c c:/users/ahmed/documents/everything/imt/imt_tools/sdk/imt_sdk_win_64/winavr/bin/../lib/gcc/avr/4.3.3/avr5\libgcc.a(_usi_to_sf.o)
 .debug_loc     0x0000074c       0x94 c:/users/ahmed/documents/everything/imt/imt_tools/sdk/imt_sdk_win_64/winavr/bin/../lib/gcc/avr/4.3.3/avr5\libgcc.a(_clzsi2.o)
 .debug_loc     0x000007e0      0x13e c:/users/ahmed/documents/everything/imt/imt_tools/sdk/imt_sdk_win_64/winavr/bin/../lib/gcc/avr/4.3.3/avr5\libgcc.a(_pack_sf.o)
 .debug_loc     0x0000091e       0xac c:/users/ahmed/documents/everything/imt/imt_tools/sdk/imt_sdk_win_64/winavr/bin/../lib/gcc/avr/4.3.3/avr5\libgcc.a(_unpack_sf.o)
 .debug_loc     0x000009ca       0x50 c:/users/ahmed/documents/everything/imt/imt_tools/sdk/imt_sdk_win_64/winavr/bin/../lib/gcc/avr/4.3.3/avr5\libgcc.a(_fpcmp_parts_sf.o)

.debug_macinfo
 *(.debug_macinfo)
OUTPUT(NTI_Projects.elf elf32-avr)
LOAD linker stubs

.debug_ranges   0x00000000       0x50
 .debug_ranges  0x00000000       0x50 c:/users/ahmed/documents/everything/imt/imt_tools/sdk/imt_sdk_win_64/winavr/bin/../lib/gcc/avr/4.3.3/avr5\libgcc.a(_mul_sf.o)
